<?xml version="1.0" encoding="ISO-8859-1" ?>
<link_info>
   <banner>TMS320C2000 Linker Unix v22.6.3.LTS</banner>
   <copyright>Copyright (c) 1996-2018 Texas Instruments Incorporated</copyright>
   <link_time>0x697404a3</link_time>
   <link_errors>0x0</link_errors>
   <output_file>adc_ex1_soc_epwm.out</output_file>
   <entry_point>
      <name>code_start</name>
      <address>0x0</address>
   </entry_point>
   <input_file_list>
      <input_file id="fl-2">
         <path>./</path>
         <kind>object</kind>
         <file>adc_ex1_soc_epwm.obj</file>
         <name>adc_ex1_soc_epwm.obj</name>
      </input_file>
      <input_file id="fl-3">
         <path>./</path>
         <kind>object</kind>
         <file>f28p55x_adc.obj</file>
         <name>f28p55x_adc.obj</name>
      </input_file>
      <input_file id="fl-4">
         <path>./</path>
         <kind>object</kind>
         <file>f28p55x_codestartbranch.obj</file>
         <name>f28p55x_codestartbranch.obj</name>
      </input_file>
      <input_file id="fl-5">
         <path>./</path>
         <kind>object</kind>
         <file>f28p55x_cputimers.obj</file>
         <name>f28p55x_cputimers.obj</name>
      </input_file>
      <input_file id="fl-6">
         <path>./</path>
         <kind>object</kind>
         <file>f28p55x_defaultisr.obj</file>
         <name>f28p55x_defaultisr.obj</name>
      </input_file>
      <input_file id="fl-7">
         <path>./</path>
         <kind>object</kind>
         <file>f28p55x_dma.obj</file>
         <name>f28p55x_dma.obj</name>
      </input_file>
      <input_file id="fl-8">
         <path>./</path>
         <kind>object</kind>
         <file>f28p55x_epwm.obj</file>
         <name>f28p55x_epwm.obj</name>
      </input_file>
      <input_file id="fl-9">
         <path>./</path>
         <kind>object</kind>
         <file>f28p55x_globalvariabledefs.obj</file>
         <name>f28p55x_globalvariabledefs.obj</name>
      </input_file>
      <input_file id="fl-a">
         <path>./</path>
         <kind>object</kind>
         <file>f28p55x_gpio.obj</file>
         <name>f28p55x_gpio.obj</name>
      </input_file>
      <input_file id="fl-b">
         <path>./</path>
         <kind>object</kind>
         <file>f28p55x_piectrl.obj</file>
         <name>f28p55x_piectrl.obj</name>
      </input_file>
      <input_file id="fl-c">
         <path>./</path>
         <kind>object</kind>
         <file>f28p55x_pievect.obj</file>
         <name>f28p55x_pievect.obj</name>
      </input_file>
      <input_file id="fl-d">
         <path>./</path>
         <kind>object</kind>
         <file>f28p55x_sysctrl.obj</file>
         <name>f28p55x_sysctrl.obj</name>
      </input_file>
      <input_file id="fl-e">
         <path>./</path>
         <kind>object</kind>
         <file>f28p55x_tempsensorconv.obj</file>
         <name>f28p55x_tempsensorconv.obj</name>
      </input_file>
      <input_file id="fl-f">
         <path>./</path>
         <kind>object</kind>
         <file>f28p55x_usdelay.obj</file>
         <name>f28p55x_usdelay.obj</name>
      </input_file>
      <input_file id="fl-14">
         <kind>object</kind>
         <file>&lt;internal&gt;</file>
         <name>&lt;internal&gt;</name>
      </input_file>
      <input_file id="fl-20">
         <path>/Applications/ti/ccs2040/ccs/tools/compiler/ti-cgt-c2000_22.6.3.LTS/lib/</path>
         <kind>archive</kind>
         <file>rts2800_fpu32_eabi.lib</file>
         <name>boot28.asm.obj</name>
      </input_file>
      <input_file id="fl-21">
         <path>/Applications/ti/ccs2040/ccs/tools/compiler/ti-cgt-c2000_22.6.3.LTS/lib/</path>
         <kind>archive</kind>
         <file>rts2800_fpu32_eabi.lib</file>
         <name>fs_div28.asm.obj</name>
      </input_file>
      <input_file id="fl-22">
         <path>/Applications/ti/ccs2040/ccs/tools/compiler/ti-cgt-c2000_22.6.3.LTS/lib/</path>
         <kind>archive</kind>
         <file>rts2800_fpu32_eabi.lib</file>
         <name>l_div28.asm.obj</name>
      </input_file>
      <input_file id="fl-23">
         <path>/Applications/ti/ccs2040/ccs/tools/compiler/ti-cgt-c2000_22.6.3.LTS/lib/</path>
         <kind>archive</kind>
         <file>rts2800_fpu32_eabi.lib</file>
         <name>pre_init.c.obj</name>
      </input_file>
      <input_file id="fl-24">
         <path>/Applications/ti/ccs2040/ccs/tools/compiler/ti-cgt-c2000_22.6.3.LTS/lib/</path>
         <kind>archive</kind>
         <file>rts2800_fpu32_eabi.lib</file>
         <name>autoinit.c.obj</name>
      </input_file>
      <input_file id="fl-25">
         <path>/Applications/ti/ccs2040/ccs/tools/compiler/ti-cgt-c2000_22.6.3.LTS/lib/</path>
         <kind>archive</kind>
         <file>rts2800_fpu32_eabi.lib</file>
         <name>copy_zero_init.c.obj</name>
      </input_file>
      <input_file id="fl-26">
         <path>/Applications/ti/ccs2040/ccs/tools/compiler/ti-cgt-c2000_22.6.3.LTS/lib/</path>
         <kind>archive</kind>
         <file>rts2800_fpu32_eabi.lib</file>
         <name>copy_decompress_none.c.obj</name>
      </input_file>
      <input_file id="fl-27">
         <path>/Applications/ti/ccs2040/ccs/tools/compiler/ti-cgt-c2000_22.6.3.LTS/lib/</path>
         <kind>archive</kind>
         <file>rts2800_fpu32_eabi.lib</file>
         <name>copy_decompress_lzss.c.obj</name>
      </input_file>
      <input_file id="fl-28">
         <path>/Applications/ti/ccs2040/ccs/tools/compiler/ti-cgt-c2000_22.6.3.LTS/lib/</path>
         <kind>archive</kind>
         <file>rts2800_fpu32_eabi.lib</file>
         <name>exit.c.obj</name>
      </input_file>
      <input_file id="fl-29">
         <path>/Applications/ti/ccs2040/ccs/tools/compiler/ti-cgt-c2000_22.6.3.LTS/lib/</path>
         <kind>archive</kind>
         <file>rts2800_fpu32_eabi.lib</file>
         <name>_lock.c.obj</name>
      </input_file>
      <input_file id="fl-2a">
         <path>/Applications/ti/ccs2040/ccs/tools/compiler/ti-cgt-c2000_22.6.3.LTS/lib/</path>
         <kind>archive</kind>
         <file>rts2800_fpu32_eabi.lib</file>
         <name>args_main.c.obj</name>
      </input_file>
      <input_file id="fl-2b">
         <path>/Applications/ti/ccs2040/ccs/tools/compiler/ti-cgt-c2000_22.6.3.LTS/lib/</path>
         <kind>archive</kind>
         <file>rts2800_fpu32_eabi.lib</file>
         <name>memset.c.obj</name>
      </input_file>
      <input_file id="fl-2c">
         <path>/Applications/ti/ccs2040/ccs/tools/compiler/ti-cgt-c2000_22.6.3.LTS/lib/</path>
         <kind>archive</kind>
         <file>rts2800_fpu32_eabi.lib</file>
         <name>cpy_tbl.c.obj</name>
      </input_file>
      <input_file id="fl-2d">
         <path>/Applications/ti/ccs2040/ccs/tools/compiler/ti-cgt-c2000_22.6.3.LTS/lib/</path>
         <kind>archive</kind>
         <file>rts2800_fpu32_eabi.lib</file>
         <name>memcpy.c.obj</name>
      </input_file>
      <input_file id="fl-2e">
         <path>/Applications/ti/ccs2040/ccs/tools/compiler/ti-cgt-c2000_22.6.3.LTS/lib/</path>
         <kind>archive</kind>
         <file>rts2800_fpu32_eabi.lib</file>
         <name>startup.c.obj</name>
      </input_file>
   </input_file_list>
   <object_component_list>
      <object_component id="oc-a8">
         <name>codestart</name>
         <load_address>0x0</load_address>
         <run_address>0x0</run_address>
         <size>0x2</size>
         <input_file_ref idref="fl-4"/>
      </object_component>
      <object_component id="oc-511">
         <name>.text:SetVREF</name>
         <load_address>0x8000</load_address>
         <run_address>0x8000</run_address>
         <size>0x13b</size>
         <input_file_ref idref="fl-3"/>
      </object_component>
      <object_component id="oc-4f8">
         <name>.text:InitSysPll</name>
         <load_address>0x813b</load_address>
         <run_address>0x813b</run_address>
         <size>0xe6</size>
         <input_file_ref idref="fl-d"/>
      </object_component>
      <object_component id="oc-578">
         <name>.text:IsPLLValid</name>
         <load_address>0x8221</load_address>
         <run_address>0x8221</run_address>
         <size>0xa0</size>
         <input_file_ref idref="fl-d"/>
      </object_component>
      <object_component id="oc-526">
         <name>.text</name>
         <load_address>0x82c1</load_address>
         <run_address>0x82c1</run_address>
         <size>0x88</size>
         <input_file_ref idref="fl-21"/>
      </object_component>
      <object_component id="oc-430">
         <name>.text:initEPWM</name>
         <load_address>0x8349</load_address>
         <run_address>0x8349</run_address>
         <size>0x7d</size>
         <input_file_ref idref="fl-2"/>
      </object_component>
      <object_component id="oc-4fe">
         <name>.text:InitPeripheralClocks</name>
         <load_address>0x83c6</load_address>
         <run_address>0x83c6</run_address>
         <size>0x7b</size>
         <input_file_ref idref="fl-d"/>
      </object_component>
      <object_component id="oc-5f9">
         <name>.text:ComputeCntrSeedValue</name>
         <load_address>0x8441</load_address>
         <run_address>0x8441</run_address>
         <size>0x77</size>
         <input_file_ref idref="fl-d"/>
      </object_component>
      <object_component id="oc-418">
         <name>.text:InitGpio</name>
         <load_address>0x84b8</load_address>
         <run_address>0x84b8</run_address>
         <size>0x43</size>
         <input_file_ref idref="fl-a"/>
      </object_component>
      <object_component id="oc-ae">
         <name>.text:main</name>
         <load_address>0x84fb</load_address>
         <run_address>0x84fb</run_address>
         <size>0x39</size>
         <input_file_ref idref="fl-2"/>
      </object_component>
      <object_component id="oc-ad">
         <name>.text:adcA1ISR</name>
         <load_address>0x8534</load_address>
         <run_address>0x8534</run_address>
         <size>0x35</size>
         <input_file_ref idref="fl-2"/>
      </object_component>
      <object_component id="oc-9b">
         <name>.text:decompress:lzss</name>
         <load_address>0x8569</load_address>
         <run_address>0x8569</run_address>
         <size>0x2e</size>
         <input_file_ref idref="fl-27"/>
      </object_component>
      <object_component id="oc-5ab">
         <name>.text:__TI_auto_init_nobinit_nopinit</name>
         <load_address>0x8597</load_address>
         <run_address>0x8597</run_address>
         <size>0x2b</size>
         <input_file_ref idref="fl-24"/>
      </object_component>
      <object_component id="oc-54f">
         <name>.text</name>
         <load_address>0x85c2</load_address>
         <run_address>0x85c2</run_address>
         <size>0x29</size>
         <input_file_ref idref="fl-28"/>
      </object_component>
      <object_component id="oc-424">
         <name>.text:InitPieVectTable</name>
         <load_address>0x85eb</load_address>
         <run_address>0x85eb</run_address>
         <size>0x25</size>
         <input_file_ref idref="fl-c"/>
      </object_component>
      <object_component id="oc-56c">
         <name>.text:SysXtalOscSel</name>
         <load_address>0x8610</load_address>
         <run_address>0x8610</run_address>
         <size>0x20</size>
         <input_file_ref idref="fl-d"/>
      </object_component>
      <object_component id="oc-41e">
         <name>.text:InitPieCtrl</name>
         <load_address>0x8630</load_address>
         <run_address>0x8630</run_address>
         <size>0x1f</size>
         <input_file_ref idref="fl-b"/>
      </object_component>
      <object_component id="oc-3e9">
         <name>.text</name>
         <load_address>0x864f</load_address>
         <run_address>0x864f</run_address>
         <size>0x1d</size>
         <input_file_ref idref="fl-2d"/>
      </object_component>
      <object_component id="oc-5eb">
         <name>.text:PollX1Counter</name>
         <load_address>0x866c</load_address>
         <run_address>0x866c</run_address>
         <size>0x1b</size>
         <input_file_ref idref="fl-d"/>
      </object_component>
      <object_component id="oc-436">
         <name>.text:initADCSOC</name>
         <load_address>0x8687</load_address>
         <run_address>0x8687</run_address>
         <size>0x1b</size>
         <input_file_ref idref="fl-2"/>
      </object_component>
      <object_component id="oc-4e1">
         <name>.text</name>
         <load_address>0x86a2</load_address>
         <run_address>0x86a2</run_address>
         <size>0x17</size>
         <input_file_ref idref="fl-20"/>
      </object_component>
      <object_component id="oc-42a">
         <name>.text:initADC</name>
         <load_address>0x86b9</load_address>
         <run_address>0x86b9</run_address>
         <size>0x16</size>
         <input_file_ref idref="fl-2"/>
      </object_component>
      <object_component id="oc-412">
         <name>.text:InitSysCtrl</name>
         <load_address>0x86cf</load_address>
         <run_address>0x86cf</run_address>
         <size>0x15</size>
         <input_file_ref idref="fl-d"/>
      </object_component>
      <object_component id="oc-572">
         <name>.text:SysXtalOscSESel</name>
         <load_address>0x86e4</load_address>
         <run_address>0x86e4</run_address>
         <size>0x15</size>
         <input_file_ref idref="fl-d"/>
      </object_component>
      <object_component id="oc-4f2">
         <name>.text:DisableDog</name>
         <load_address>0x86f9</load_address>
         <run_address>0x86f9</run_address>
         <size>0xd</size>
         <input_file_ref idref="fl-d"/>
      </object_component>
      <object_component id="oc-3da">
         <name>.text:EMPTY_ISR</name>
         <load_address>0x8706</load_address>
         <run_address>0x8706</run_address>
         <size>0xd</size>
         <input_file_ref idref="fl-6"/>
      </object_component>
      <object_component id="oc-3f1">
         <name>.text:decompress:ZI:__TI_zero_init_nomemset</name>
         <load_address>0x8713</load_address>
         <run_address>0x8713</run_address>
         <size>0xd</size>
         <input_file_ref idref="fl-25"/>
      </object_component>
      <object_component id="oc-549">
         <name>.text</name>
         <load_address>0x8720</load_address>
         <run_address>0x8720</run_address>
         <size>0xc</size>
         <input_file_ref idref="fl-2a"/>
      </object_component>
      <object_component id="oc-12e">
         <name>.text:ADCA1_ISR</name>
         <load_address>0x872c</load_address>
         <run_address>0x872c</run_address>
         <size>0xa</size>
         <input_file_ref idref="fl-6"/>
      </object_component>
      <object_component id="oc-284">
         <name>.text:ADCA2_ISR</name>
         <load_address>0x8736</load_address>
         <run_address>0x8736</run_address>
         <size>0xa</size>
         <input_file_ref idref="fl-6"/>
      </object_component>
      <object_component id="oc-28a">
         <name>.text:ADCA3_ISR</name>
         <load_address>0x8740</load_address>
         <run_address>0x8740</run_address>
         <size>0xa</size>
         <input_file_ref idref="fl-6"/>
      </object_component>
      <object_component id="oc-290">
         <name>.text:ADCA4_ISR</name>
         <load_address>0x874a</load_address>
         <run_address>0x874a</run_address>
         <size>0xa</size>
         <input_file_ref idref="fl-6"/>
      </object_component>
      <object_component id="oc-27e">
         <name>.text:ADCA_EVT_ISR</name>
         <load_address>0x8754</load_address>
         <run_address>0x8754</run_address>
         <size>0xa</size>
         <input_file_ref idref="fl-6"/>
      </object_component>
      <object_component id="oc-134">
         <name>.text:ADCB1_ISR</name>
         <load_address>0x875e</load_address>
         <run_address>0x875e</run_address>
         <size>0xa</size>
         <input_file_ref idref="fl-6"/>
      </object_component>
      <object_component id="oc-29c">
         <name>.text:ADCB2_ISR</name>
         <load_address>0x8768</load_address>
         <run_address>0x8768</run_address>
         <size>0xa</size>
         <input_file_ref idref="fl-6"/>
      </object_component>
      <object_component id="oc-2a2">
         <name>.text:ADCB3_ISR</name>
         <load_address>0x8772</load_address>
         <run_address>0x8772</run_address>
         <size>0xa</size>
         <input_file_ref idref="fl-6"/>
      </object_component>
      <object_component id="oc-2a8">
         <name>.text:ADCB4_ISR</name>
         <load_address>0x877c</load_address>
         <run_address>0x877c</run_address>
         <size>0xa</size>
         <input_file_ref idref="fl-6"/>
      </object_component>
      <object_component id="oc-296">
         <name>.text:ADCB_EVT_ISR</name>
         <load_address>0x8786</load_address>
         <run_address>0x8786</run_address>
         <size>0xa</size>
         <input_file_ref idref="fl-6"/>
      </object_component>
      <object_component id="oc-13a">
         <name>.text:ADCC1_ISR</name>
         <load_address>0x8790</load_address>
         <run_address>0x8790</run_address>
         <size>0xa</size>
         <input_file_ref idref="fl-6"/>
      </object_component>
      <object_component id="oc-38c">
         <name>.text:ADCC2_ISR</name>
         <load_address>0x879a</load_address>
         <run_address>0x879a</run_address>
         <size>0xa</size>
         <input_file_ref idref="fl-6"/>
      </object_component>
      <object_component id="oc-392">
         <name>.text:ADCC3_ISR</name>
         <load_address>0x87a4</load_address>
         <run_address>0x87a4</run_address>
         <size>0xa</size>
         <input_file_ref idref="fl-6"/>
      </object_component>
      <object_component id="oc-398">
         <name>.text:ADCC4_ISR</name>
         <load_address>0x87ae</load_address>
         <run_address>0x87ae</run_address>
         <size>0xa</size>
         <input_file_ref idref="fl-6"/>
      </object_component>
      <object_component id="oc-386">
         <name>.text:ADCC_EVT_ISR</name>
         <load_address>0x87b8</load_address>
         <run_address>0x87b8</run_address>
         <size>0xa</size>
         <input_file_ref idref="fl-6"/>
      </object_component>
      <object_component id="oc-308">
         <name>.text:ADCD1_ISR</name>
         <load_address>0x87c2</load_address>
         <run_address>0x87c2</run_address>
         <size>0xa</size>
         <input_file_ref idref="fl-6"/>
      </object_component>
      <object_component id="oc-3a4">
         <name>.text:ADCD2_ISR</name>
         <load_address>0x87cc</load_address>
         <run_address>0x87cc</run_address>
         <size>0xa</size>
         <input_file_ref idref="fl-6"/>
      </object_component>
      <object_component id="oc-3aa">
         <name>.text:ADCD3_ISR</name>
         <load_address>0x87d6</load_address>
         <run_address>0x87d6</run_address>
         <size>0xa</size>
         <input_file_ref idref="fl-6"/>
      </object_component>
      <object_component id="oc-3b0">
         <name>.text:ADCD4_ISR</name>
         <load_address>0x87e0</load_address>
         <run_address>0x87e0</run_address>
         <size>0xa</size>
         <input_file_ref idref="fl-6"/>
      </object_component>
      <object_component id="oc-39e">
         <name>.text:ADCD_EVT_ISR</name>
         <load_address>0x87ea</load_address>
         <run_address>0x87ea</run_address>
         <size>0xa</size>
         <input_file_ref idref="fl-6"/>
      </object_component>
      <object_component id="oc-30e">
         <name>.text:ADCE1_ISR</name>
         <load_address>0x87f4</load_address>
         <run_address>0x87f4</run_address>
         <size>0xa</size>
         <input_file_ref idref="fl-6"/>
      </object_component>
      <object_component id="oc-542">
         <name>.text</name>
         <load_address>0x87fe</load_address>
         <run_address>0x87fe</run_address>
         <size>0x2</size>
         <input_file_ref idref="fl-23"/>
      </object_component>
      <object_component id="oc-3bc">
         <name>.text:ADCE2_ISR</name>
         <load_address>0x8800</load_address>
         <run_address>0x8800</run_address>
         <size>0xa</size>
         <input_file_ref idref="fl-6"/>
      </object_component>
      <object_component id="oc-3c2">
         <name>.text:ADCE3_ISR</name>
         <load_address>0x880a</load_address>
         <run_address>0x880a</run_address>
         <size>0xa</size>
         <input_file_ref idref="fl-6"/>
      </object_component>
      <object_component id="oc-3c8">
         <name>.text:ADCE4_ISR</name>
         <load_address>0x8814</load_address>
         <run_address>0x8814</run_address>
         <size>0xa</size>
         <input_file_ref idref="fl-6"/>
      </object_component>
      <object_component id="oc-3b6">
         <name>.text:ADCE_EVT_ISR</name>
         <load_address>0x881e</load_address>
         <run_address>0x881e</run_address>
         <size>0xa</size>
         <input_file_ref idref="fl-6"/>
      </object_component>
      <object_component id="oc-3ce">
         <name>.text:AES_SINTREQUEST_ISR</name>
         <load_address>0x8828</load_address>
         <run_address>0x8828</run_address>
         <size>0xa</size>
         <input_file_ref idref="fl-6"/>
      </object_component>
      <object_component id="oc-2ae">
         <name>.text:CLA1_1_ISR</name>
         <load_address>0x8832</load_address>
         <run_address>0x8832</run_address>
         <size>0xa</size>
         <input_file_ref idref="fl-6"/>
      </object_component>
      <object_component id="oc-2b4">
         <name>.text:CLA1_2_ISR</name>
         <load_address>0x883c</load_address>
         <run_address>0x883c</run_address>
         <size>0xa</size>
         <input_file_ref idref="fl-6"/>
      </object_component>
      <object_component id="oc-2ba">
         <name>.text:CLA1_3_ISR</name>
         <load_address>0x8846</load_address>
         <run_address>0x8846</run_address>
         <size>0xa</size>
         <input_file_ref idref="fl-6"/>
      </object_component>
      <object_component id="oc-2c0">
         <name>.text:CLA1_4_ISR</name>
         <load_address>0x8850</load_address>
         <run_address>0x8850</run_address>
         <size>0xa</size>
         <input_file_ref idref="fl-6"/>
      </object_component>
      <object_component id="oc-2c6">
         <name>.text:CLA1_5_ISR</name>
         <load_address>0x885a</load_address>
         <run_address>0x885a</run_address>
         <size>0xa</size>
         <input_file_ref idref="fl-6"/>
      </object_component>
      <object_component id="oc-2cc">
         <name>.text:CLA1_6_ISR</name>
         <load_address>0x8864</load_address>
         <run_address>0x8864</run_address>
         <size>0xa</size>
         <input_file_ref idref="fl-6"/>
      </object_component>
      <object_component id="oc-2d2">
         <name>.text:CLA1_7_ISR</name>
         <load_address>0x886e</load_address>
         <run_address>0x886e</run_address>
         <size>0xa</size>
         <input_file_ref idref="fl-6"/>
      </object_component>
      <object_component id="oc-2d8">
         <name>.text:CLA1_8_ISR</name>
         <load_address>0x8878</load_address>
         <run_address>0x8878</run_address>
         <size>0xa</size>
         <input_file_ref idref="fl-6"/>
      </object_component>
      <object_component id="oc-1dc">
         <name>.text:CLB1_ISR</name>
         <load_address>0x8882</load_address>
         <run_address>0x8882</run_address>
         <size>0xa</size>
         <input_file_ref idref="fl-6"/>
      </object_component>
      <object_component id="oc-1e2">
         <name>.text:CLB2_ISR</name>
         <load_address>0x888c</load_address>
         <run_address>0x888c</run_address>
         <size>0xa</size>
         <input_file_ref idref="fl-6"/>
      </object_component>
      <object_component id="oc-c8">
         <name>.text:DATALOG_ISR</name>
         <load_address>0x8896</load_address>
         <run_address>0x8896</run_address>
         <size>0xa</size>
         <input_file_ref idref="fl-6"/>
      </object_component>
      <object_component id="oc-200">
         <name>.text:DCC0_ISR</name>
         <load_address>0x88a0</load_address>
         <run_address>0x88a0</run_address>
         <size>0xa</size>
         <input_file_ref idref="fl-6"/>
      </object_component>
      <object_component id="oc-206">
         <name>.text:DCC1_ISR</name>
         <load_address>0x88aa</load_address>
         <run_address>0x88aa</run_address>
         <size>0xa</size>
         <input_file_ref idref="fl-6"/>
      </object_component>
      <object_component id="oc-20c">
         <name>.text:DMA_CH1_ISR</name>
         <load_address>0x88b4</load_address>
         <run_address>0x88b4</run_address>
         <size>0xa</size>
         <input_file_ref idref="fl-6"/>
      </object_component>
      <object_component id="oc-212">
         <name>.text:DMA_CH2_ISR</name>
         <load_address>0x88be</load_address>
         <run_address>0x88be</run_address>
         <size>0xa</size>
         <input_file_ref idref="fl-6"/>
      </object_component>
      <object_component id="oc-218">
         <name>.text:DMA_CH3_ISR</name>
         <load_address>0x88c8</load_address>
         <run_address>0x88c8</run_address>
         <size>0xa</size>
         <input_file_ref idref="fl-6"/>
      </object_component>
      <object_component id="oc-21e">
         <name>.text:DMA_CH4_ISR</name>
         <load_address>0x88d2</load_address>
         <run_address>0x88d2</run_address>
         <size>0xa</size>
         <input_file_ref idref="fl-6"/>
      </object_component>
      <object_component id="oc-224">
         <name>.text:DMA_CH5_ISR</name>
         <load_address>0x88dc</load_address>
         <run_address>0x88dc</run_address>
         <size>0xa</size>
         <input_file_ref idref="fl-6"/>
      </object_component>
      <object_component id="oc-22a">
         <name>.text:DMA_CH6_ISR</name>
         <load_address>0x88e6</load_address>
         <run_address>0x88e6</run_address>
         <size>0xa</size>
         <input_file_ref idref="fl-6"/>
      </object_component>
      <object_component id="oc-1be">
         <name>.text:ECAP1_ISR</name>
         <load_address>0x88f0</load_address>
         <run_address>0x88f0</run_address>
         <size>0xa</size>
         <input_file_ref idref="fl-6"/>
      </object_component>
      <object_component id="oc-1c4">
         <name>.text:ECAP2_ISR</name>
         <load_address>0x88fa</load_address>
         <run_address>0x88fa</run_address>
         <size>0xa</size>
         <input_file_ref idref="fl-6"/>
      </object_component>
      <object_component id="oc-d4">
         <name>.text:EMU_ISR</name>
         <load_address>0x8904</load_address>
         <run_address>0x8904</run_address>
         <size>0xa</size>
         <input_file_ref idref="fl-6"/>
      </object_component>
      <object_component id="oc-332">
         <name>.text:EPWM10_ISR</name>
         <load_address>0x890e</load_address>
         <run_address>0x890e</run_address>
         <size>0xa</size>
         <input_file_ref idref="fl-6"/>
      </object_component>
      <object_component id="oc-31a">
         <name>.text:EPWM10_TZ_ISR</name>
         <load_address>0x8918</load_address>
         <run_address>0x8918</run_address>
         <size>0xa</size>
         <input_file_ref idref="fl-6"/>
      </object_component>
      <object_component id="oc-338">
         <name>.text:EPWM11_ISR</name>
         <load_address>0x8922</load_address>
         <run_address>0x8922</run_address>
         <size>0xa</size>
         <input_file_ref idref="fl-6"/>
      </object_component>
      <object_component id="oc-320">
         <name>.text:EPWM11_TZ_ISR</name>
         <load_address>0x892c</load_address>
         <run_address>0x892c</run_address>
         <size>0xa</size>
         <input_file_ref idref="fl-6"/>
      </object_component>
      <object_component id="oc-33e">
         <name>.text:EPWM12_ISR</name>
         <load_address>0x8936</load_address>
         <run_address>0x8936</run_address>
         <size>0xa</size>
         <input_file_ref idref="fl-6"/>
      </object_component>
      <object_component id="oc-326">
         <name>.text:EPWM12_TZ_ISR</name>
         <load_address>0x8940</load_address>
         <run_address>0x8940</run_address>
         <size>0xa</size>
         <input_file_ref idref="fl-6"/>
      </object_component>
      <object_component id="oc-18e">
         <name>.text:EPWM1_ISR</name>
         <load_address>0x894a</load_address>
         <run_address>0x894a</run_address>
         <size>0xa</size>
         <input_file_ref idref="fl-6"/>
      </object_component>
      <object_component id="oc-15e">
         <name>.text:EPWM1_TZ_ISR</name>
         <load_address>0x8954</load_address>
         <run_address>0x8954</run_address>
         <size>0xa</size>
         <input_file_ref idref="fl-6"/>
      </object_component>
      <object_component id="oc-194">
         <name>.text:EPWM2_ISR</name>
         <load_address>0x895e</load_address>
         <run_address>0x895e</run_address>
         <size>0xa</size>
         <input_file_ref idref="fl-6"/>
      </object_component>
      <object_component id="oc-164">
         <name>.text:EPWM2_TZ_ISR</name>
         <load_address>0x8968</load_address>
         <run_address>0x8968</run_address>
         <size>0xa</size>
         <input_file_ref idref="fl-6"/>
      </object_component>
      <object_component id="oc-19a">
         <name>.text:EPWM3_ISR</name>
         <load_address>0x8972</load_address>
         <run_address>0x8972</run_address>
         <size>0xa</size>
         <input_file_ref idref="fl-6"/>
      </object_component>
      <object_component id="oc-16a">
         <name>.text:EPWM3_TZ_ISR</name>
         <load_address>0x897c</load_address>
         <run_address>0x897c</run_address>
         <size>0xa</size>
         <input_file_ref idref="fl-6"/>
      </object_component>
      <object_component id="oc-1a0">
         <name>.text:EPWM4_ISR</name>
         <load_address>0x8986</load_address>
         <run_address>0x8986</run_address>
         <size>0xa</size>
         <input_file_ref idref="fl-6"/>
      </object_component>
      <object_component id="oc-170">
         <name>.text:EPWM4_TZ_ISR</name>
         <load_address>0x8990</load_address>
         <run_address>0x8990</run_address>
         <size>0xa</size>
         <input_file_ref idref="fl-6"/>
      </object_component>
      <object_component id="oc-1a6">
         <name>.text:EPWM5_ISR</name>
         <load_address>0x899a</load_address>
         <run_address>0x899a</run_address>
         <size>0xa</size>
         <input_file_ref idref="fl-6"/>
      </object_component>
      <object_component id="oc-176">
         <name>.text:EPWM5_TZ_ISR</name>
         <load_address>0x89a4</load_address>
         <run_address>0x89a4</run_address>
         <size>0xa</size>
         <input_file_ref idref="fl-6"/>
      </object_component>
      <object_component id="oc-1ac">
         <name>.text:EPWM6_ISR</name>
         <load_address>0x89ae</load_address>
         <run_address>0x89ae</run_address>
         <size>0xa</size>
         <input_file_ref idref="fl-6"/>
      </object_component>
      <object_component id="oc-17c">
         <name>.text:EPWM6_TZ_ISR</name>
         <load_address>0x89b8</load_address>
         <run_address>0x89b8</run_address>
         <size>0xa</size>
         <input_file_ref idref="fl-6"/>
      </object_component>
      <object_component id="oc-1b2">
         <name>.text:EPWM7_ISR</name>
         <load_address>0x89c2</load_address>
         <run_address>0x89c2</run_address>
         <size>0xa</size>
         <input_file_ref idref="fl-6"/>
      </object_component>
      <object_component id="oc-182">
         <name>.text:EPWM7_TZ_ISR</name>
         <load_address>0x89cc</load_address>
         <run_address>0x89cc</run_address>
         <size>0xa</size>
         <input_file_ref idref="fl-6"/>
      </object_component>
      <object_component id="oc-1b8">
         <name>.text:EPWM8_ISR</name>
         <load_address>0x89d6</load_address>
         <run_address>0x89d6</run_address>
         <size>0xa</size>
         <input_file_ref idref="fl-6"/>
      </object_component>
      <object_component id="oc-188">
         <name>.text:EPWM8_TZ_ISR</name>
         <load_address>0x89e0</load_address>
         <run_address>0x89e0</run_address>
         <size>0xa</size>
         <input_file_ref idref="fl-6"/>
      </object_component>
      <object_component id="oc-32c">
         <name>.text:EPWM9_ISR</name>
         <load_address>0x89ea</load_address>
         <run_address>0x89ea</run_address>
         <size>0xa</size>
         <input_file_ref idref="fl-6"/>
      </object_component>
      <object_component id="oc-314">
         <name>.text:EPWM9_TZ_ISR</name>
         <load_address>0x89f4</load_address>
         <run_address>0x89f4</run_address>
         <size>0xa</size>
         <input_file_ref idref="fl-6"/>
      </object_component>
      <object_component id="oc-1ca">
         <name>.text:EQEP1_ISR</name>
         <load_address>0x89fe</load_address>
         <run_address>0x89fe</run_address>
         <size>0xa</size>
         <input_file_ref idref="fl-6"/>
      </object_component>
      <object_component id="oc-1d0">
         <name>.text:EQEP2_ISR</name>
         <load_address>0x8a08</load_address>
         <run_address>0x8a08</run_address>
         <size>0xa</size>
         <input_file_ref idref="fl-6"/>
      </object_component>
      <object_component id="oc-1d6">
         <name>.text:EQEP3_ISR</name>
         <load_address>0x8a12</load_address>
         <run_address>0x8a12</run_address>
         <size>0xa</size>
         <input_file_ref idref="fl-6"/>
      </object_component>
      <object_component id="oc-2f0">
         <name>.text:FLSS_ISR</name>
         <load_address>0x8a1c</load_address>
         <run_address>0x8a1c</run_address>
         <size>0xa</size>
         <input_file_ref idref="fl-6"/>
      </object_component>
      <object_component id="oc-350">
         <name>.text:FSIRXA1_ISR</name>
         <load_address>0x8a26</load_address>
         <run_address>0x8a26</run_address>
         <size>0xa</size>
         <input_file_ref idref="fl-6"/>
      </object_component>
      <object_component id="oc-356">
         <name>.text:FSIRXA2_ISR</name>
         <load_address>0x8a30</load_address>
         <run_address>0x8a30</run_address>
         <size>0xa</size>
         <input_file_ref idref="fl-6"/>
      </object_component>
      <object_component id="oc-344">
         <name>.text:FSITXA1_ISR</name>
         <load_address>0x8a3a</load_address>
         <run_address>0x8a3a</run_address>
         <size>0xa</size>
         <input_file_ref idref="fl-6"/>
      </object_component>
      <object_component id="oc-34a">
         <name>.text:FSITXA2_ISR</name>
         <load_address>0x8a44</load_address>
         <run_address>0x8a44</run_address>
         <size>0xa</size>
         <input_file_ref idref="fl-6"/>
      </object_component>
      <object_component id="oc-23c">
         <name>.text:I2CA_FIFO_ISR</name>
         <load_address>0x8a4e</load_address>
         <run_address>0x8a4e</run_address>
         <size>0xa</size>
         <input_file_ref idref="fl-6"/>
      </object_component>
      <object_component id="oc-236">
         <name>.text:I2CA_ISR</name>
         <load_address>0x8a58</load_address>
         <run_address>0x8a58</run_address>
         <size>0xa</size>
         <input_file_ref idref="fl-6"/>
      </object_component>
      <object_component id="oc-248">
         <name>.text:I2CB_FIFO_ISR</name>
         <load_address>0x8a62</load_address>
         <run_address>0x8a62</run_address>
         <size>0xa</size>
         <input_file_ref idref="fl-6"/>
      </object_component>
      <object_component id="oc-242">
         <name>.text:I2CB_ISR</name>
         <load_address>0x8a6c</load_address>
         <run_address>0x8a6c</run_address>
         <size>0xa</size>
         <input_file_ref idref="fl-6"/>
      </object_component>
      <object_component id="oc-e0">
         <name>.text:ILLEGAL_ISR</name>
         <load_address>0x8a76</load_address>
         <run_address>0x8a76</run_address>
         <size>0xa</size>
         <input_file_ref idref="fl-6"/>
      </object_component>
      <object_component id="oc-35c">
         <name>.text:LINA_0_ISR</name>
         <load_address>0x8a80</load_address>
         <run_address>0x8a80</run_address>
         <size>0xa</size>
         <input_file_ref idref="fl-6"/>
      </object_component>
      <object_component id="oc-362">
         <name>.text:LINA_1_ISR</name>
         <load_address>0x8a8a</load_address>
         <run_address>0x8a8a</run_address>
         <size>0xa</size>
         <input_file_ref idref="fl-6"/>
      </object_component>
      <object_component id="oc-272">
         <name>.text:MCANA_0_ISR</name>
         <load_address>0x8a94</load_address>
         <run_address>0x8a94</run_address>
         <size>0xa</size>
         <input_file_ref idref="fl-6"/>
      </object_component>
      <object_component id="oc-278">
         <name>.text:MCANA_1_ISR</name>
         <load_address>0x8a9e</load_address>
         <run_address>0x8a9e</run_address>
         <size>0xa</size>
         <input_file_ref idref="fl-6"/>
      </object_component>
      <object_component id="oc-302">
         <name>.text:MCANA_ECC_ISR</name>
         <load_address>0x8aa8</load_address>
         <run_address>0x8aa8</run_address>
         <size>0xa</size>
         <input_file_ref idref="fl-6"/>
      </object_component>
      <object_component id="oc-2fc">
         <name>.text:MCANA_WAKE_ISR</name>
         <load_address>0x8ab2</load_address>
         <run_address>0x8ab2</run_address>
         <size>0xa</size>
         <input_file_ref idref="fl-6"/>
      </object_component>
      <object_component id="oc-368">
         <name>.text:MCANB_0_ISR</name>
         <load_address>0x8abc</load_address>
         <run_address>0x8abc</run_address>
         <size>0xa</size>
         <input_file_ref idref="fl-6"/>
      </object_component>
      <object_component id="oc-36e">
         <name>.text:MCANB_1_ISR</name>
         <load_address>0x8ac6</load_address>
         <run_address>0x8ac6</run_address>
         <size>0xa</size>
         <input_file_ref idref="fl-6"/>
      </object_component>
      <object_component id="oc-37a">
         <name>.text:MCANB_ECC_ISR</name>
         <load_address>0x8ad0</load_address>
         <run_address>0x8ad0</run_address>
         <size>0xa</size>
         <input_file_ref idref="fl-6"/>
      </object_component>
      <object_component id="oc-374">
         <name>.text:MCANB_WAKE_ISR</name>
         <load_address>0x8ada</load_address>
         <run_address>0x8ada</run_address>
         <size>0xa</size>
         <input_file_ref idref="fl-6"/>
      </object_component>
      <object_component id="oc-da">
         <name>.text:NMI_ISR</name>
         <load_address>0x8ae4</load_address>
         <run_address>0x8ae4</run_address>
         <size>0xa</size>
         <input_file_ref idref="fl-6"/>
      </object_component>
      <object_component id="oc-3e0">
         <name>.text:NOTUSED_ISR</name>
         <load_address>0x8aee</load_address>
         <run_address>0x8aee</run_address>
         <size>0xa</size>
         <input_file_ref idref="fl-6"/>
      </object_component>
      <object_component id="oc-3d4">
         <name>.text:PIE_RESERVED_ISR</name>
         <load_address>0x8af8</load_address>
         <run_address>0x8af8</run_address>
         <size>0xa</size>
         <input_file_ref idref="fl-6"/>
      </object_component>
      <object_component id="oc-230">
         <name>.text:PMBUSA_ISR</name>
         <load_address>0x8b02</load_address>
         <run_address>0x8b02</run_address>
         <size>0xa</size>
         <input_file_ref idref="fl-6"/>
      </object_component>
      <object_component id="oc-ce">
         <name>.text:RTOS_ISR</name>
         <load_address>0x8b0c</load_address>
         <run_address>0x8b0c</run_address>
         <size>0xa</size>
         <input_file_ref idref="fl-6"/>
      </object_component>
      <object_component id="oc-25a">
         <name>.text:SCIA_RX_ISR</name>
         <load_address>0x8b16</load_address>
         <run_address>0x8b16</run_address>
         <size>0xa</size>
         <input_file_ref idref="fl-6"/>
      </object_component>
      <object_component id="oc-260">
         <name>.text:SCIA_TX_ISR</name>
         <load_address>0x8b20</load_address>
         <run_address>0x8b20</run_address>
         <size>0xa</size>
         <input_file_ref idref="fl-6"/>
      </object_component>
      <object_component id="oc-266">
         <name>.text:SCIB_RX_ISR</name>
         <load_address>0x8b2a</load_address>
         <run_address>0x8b2a</run_address>
         <size>0xa</size>
         <input_file_ref idref="fl-6"/>
      </object_component>
      <object_component id="oc-26c">
         <name>.text:SCIB_TX_ISR</name>
         <load_address>0x8b34</load_address>
         <run_address>0x8b34</run_address>
         <size>0xa</size>
         <input_file_ref idref="fl-6"/>
      </object_component>
      <object_component id="oc-24e">
         <name>.text:SCIC_RX_ISR</name>
         <load_address>0x8b3e</load_address>
         <run_address>0x8b3e</run_address>
         <size>0xa</size>
         <input_file_ref idref="fl-6"/>
      </object_component>
      <object_component id="oc-254">
         <name>.text:SCIC_TX_ISR</name>
         <load_address>0x8b48</load_address>
         <run_address>0x8b48</run_address>
         <size>0xa</size>
         <input_file_ref idref="fl-6"/>
      </object_component>
      <object_component id="oc-1e8">
         <name>.text:SPIA_RX_ISR</name>
         <load_address>0x8b52</load_address>
         <run_address>0x8b52</run_address>
         <size>0xa</size>
         <input_file_ref idref="fl-6"/>
      </object_component>
      <object_component id="oc-1ee">
         <name>.text:SPIA_TX_ISR</name>
         <load_address>0x8b5c</load_address>
         <run_address>0x8b5c</run_address>
         <size>0xa</size>
         <input_file_ref idref="fl-6"/>
      </object_component>
      <object_component id="oc-1f4">
         <name>.text:SPIB_RX_ISR</name>
         <load_address>0x8b66</load_address>
         <run_address>0x8b66</run_address>
         <size>0xa</size>
         <input_file_ref idref="fl-6"/>
      </object_component>
      <object_component id="oc-1fa">
         <name>.text:SPIB_TX_ISR</name>
         <load_address>0x8b70</load_address>
         <run_address>0x8b70</run_address>
         <size>0xa</size>
         <input_file_ref idref="fl-6"/>
      </object_component>
      <object_component id="oc-14c">
         <name>.text:SYS_ERR_ISR</name>
         <load_address>0x8b7a</load_address>
         <run_address>0x8b7a</run_address>
         <size>0xa</size>
         <input_file_ref idref="fl-6"/>
      </object_component>
      <object_component id="oc-152">
         <name>.text:TIMER0_ISR</name>
         <load_address>0x8b84</load_address>
         <run_address>0x8b84</run_address>
         <size>0xa</size>
         <input_file_ref idref="fl-6"/>
      </object_component>
      <object_component id="oc-b9">
         <name>.text:TIMER1_ISR</name>
         <load_address>0x8b8e</load_address>
         <run_address>0x8b8e</run_address>
         <size>0xa</size>
         <input_file_ref idref="fl-6"/>
      </object_component>
      <object_component id="oc-c2">
         <name>.text:TIMER2_ISR</name>
         <load_address>0x8b98</load_address>
         <run_address>0x8b98</run_address>
         <size>0xa</size>
         <input_file_ref idref="fl-6"/>
      </object_component>
      <object_component id="oc-380">
         <name>.text:USBA_ISR</name>
         <load_address>0x8ba2</load_address>
         <run_address>0x8ba2</run_address>
         <size>0xa</size>
         <input_file_ref idref="fl-6"/>
      </object_component>
      <object_component id="oc-11c">
         <name>.text:USER10_ISR</name>
         <load_address>0x8bac</load_address>
         <run_address>0x8bac</run_address>
         <size>0xa</size>
         <input_file_ref idref="fl-6"/>
      </object_component>
      <object_component id="oc-122">
         <name>.text:USER11_ISR</name>
         <load_address>0x8bb6</load_address>
         <run_address>0x8bb6</run_address>
         <size>0xa</size>
         <input_file_ref idref="fl-6"/>
      </object_component>
      <object_component id="oc-128">
         <name>.text:USER12_ISR</name>
         <load_address>0x8bc0</load_address>
         <run_address>0x8bc0</run_address>
         <size>0xa</size>
         <input_file_ref idref="fl-6"/>
      </object_component>
      <object_component id="oc-e6">
         <name>.text:USER1_ISR</name>
         <load_address>0x8bca</load_address>
         <run_address>0x8bca</run_address>
         <size>0xa</size>
         <input_file_ref idref="fl-6"/>
      </object_component>
      <object_component id="oc-ec">
         <name>.text:USER2_ISR</name>
         <load_address>0x8bd4</load_address>
         <run_address>0x8bd4</run_address>
         <size>0xa</size>
         <input_file_ref idref="fl-6"/>
      </object_component>
      <object_component id="oc-f2">
         <name>.text:USER3_ISR</name>
         <load_address>0x8bde</load_address>
         <run_address>0x8bde</run_address>
         <size>0xa</size>
         <input_file_ref idref="fl-6"/>
      </object_component>
      <object_component id="oc-f8">
         <name>.text:USER4_ISR</name>
         <load_address>0x8be8</load_address>
         <run_address>0x8be8</run_address>
         <size>0xa</size>
         <input_file_ref idref="fl-6"/>
      </object_component>
      <object_component id="oc-fe">
         <name>.text:USER5_ISR</name>
         <load_address>0x8bf2</load_address>
         <run_address>0x8bf2</run_address>
         <size>0xa</size>
         <input_file_ref idref="fl-6"/>
      </object_component>
      <object_component id="oc-104">
         <name>.text:USER6_ISR</name>
         <load_address>0x8bfc</load_address>
         <run_address>0x8bfc</run_address>
         <size>0xa</size>
         <input_file_ref idref="fl-6"/>
      </object_component>
      <object_component id="oc-10a">
         <name>.text:USER7_ISR</name>
         <load_address>0x8c06</load_address>
         <run_address>0x8c06</run_address>
         <size>0xa</size>
         <input_file_ref idref="fl-6"/>
      </object_component>
      <object_component id="oc-110">
         <name>.text:USER8_ISR</name>
         <load_address>0x8c10</load_address>
         <run_address>0x8c10</run_address>
         <size>0xa</size>
         <input_file_ref idref="fl-6"/>
      </object_component>
      <object_component id="oc-116">
         <name>.text:USER9_ISR</name>
         <load_address>0x8c1a</load_address>
         <run_address>0x8c1a</run_address>
         <size>0xa</size>
         <input_file_ref idref="fl-6"/>
      </object_component>
      <object_component id="oc-2f6">
         <name>.text:VCU_ISR</name>
         <load_address>0x8c24</load_address>
         <run_address>0x8c24</run_address>
         <size>0xa</size>
         <input_file_ref idref="fl-6"/>
      </object_component>
      <object_component id="oc-158">
         <name>.text:WAKE_ISR</name>
         <load_address>0x8c2e</load_address>
         <run_address>0x8c2e</run_address>
         <size>0xa</size>
         <input_file_ref idref="fl-6"/>
      </object_component>
      <object_component id="oc-140">
         <name>.text:XINT1_ISR</name>
         <load_address>0x8c38</load_address>
         <run_address>0x8c38</run_address>
         <size>0xa</size>
         <input_file_ref idref="fl-6"/>
      </object_component>
      <object_component id="oc-146">
         <name>.text:XINT2_ISR</name>
         <load_address>0x8c42</load_address>
         <run_address>0x8c42</run_address>
         <size>0xa</size>
         <input_file_ref idref="fl-6"/>
      </object_component>
      <object_component id="oc-2de">
         <name>.text:XINT3_ISR</name>
         <load_address>0x8c4c</load_address>
         <run_address>0x8c4c</run_address>
         <size>0xa</size>
         <input_file_ref idref="fl-6"/>
      </object_component>
      <object_component id="oc-2e4">
         <name>.text:XINT4_ISR</name>
         <load_address>0x8c56</load_address>
         <run_address>0x8c56</run_address>
         <size>0xa</size>
         <input_file_ref idref="fl-6"/>
      </object_component>
      <object_component id="oc-2ea">
         <name>.text:XINT5_ISR</name>
         <load_address>0x8c60</load_address>
         <run_address>0x8c60</run_address>
         <size>0xa</size>
         <input_file_ref idref="fl-6"/>
      </object_component>
      <object_component id="oc-560">
         <name>.text:SysIntOsc1Sel</name>
         <load_address>0x8c6a</load_address>
         <run_address>0x8c6a</run_address>
         <size>0x9</size>
         <input_file_ref idref="fl-d"/>
      </object_component>
      <object_component id="oc-62a">
         <name>.text</name>
         <load_address>0x8c73</load_address>
         <run_address>0x8c73</run_address>
         <size>0x9</size>
         <input_file_ref idref="fl-29"/>
      </object_component>
      <object_component id="oc-a1">
         <name>.text:decompress:none</name>
         <load_address>0x8c7c</load_address>
         <run_address>0x8c7c</run_address>
         <size>0x8</size>
         <input_file_ref idref="fl-26"/>
      </object_component>
      <object_component id="oc-3fd">
         <name>.text</name>
         <load_address>0x8c84</load_address>
         <run_address>0x8c84</run_address>
         <size>0x8</size>
         <input_file_ref idref="fl-4"/>
      </object_component>
      <object_component id="oc-566">
         <name>.text:SysIntOsc2Sel</name>
         <load_address>0x8c8c</load_address>
         <run_address>0x8c8c</run_address>
         <size>0x7</size>
         <input_file_ref idref="fl-d"/>
      </object_component>
      <object_component id="oc-610">
         <name>.text</name>
         <load_address>0x8c93</load_address>
         <run_address>0x8c93</run_address>
         <size>0x1</size>
         <input_file_ref idref="fl-2e"/>
      </object_component>
      <object_component id="oc-701">
         <name>.cinit..data.load</name>
         <load_address>0x12c</load_address>
         <run_address>0x12c</run_address>
         <size>0xa</size>
      </object_component>
      <object_component id="oc-6fe">
         <name>__TI_handler_table</name>
         <load_address>0x136</load_address>
         <run_address>0x136</run_address>
         <size>0x6</size>
      </object_component>
      <object_component id="oc-700">
         <name>.cinit..bss.load</name>
         <load_address>0x13c</load_address>
         <run_address>0x13c</run_address>
         <size>0x4</size>
      </object_component>
      <object_component id="oc-702">
         <name>.cinit.PieVectTableFile.load</name>
         <load_address>0x140</load_address>
         <run_address>0x140</run_address>
         <size>0x4</size>
      </object_component>
      <object_component id="oc-6ff">
         <name>__TI_cinit_table</name>
         <load_address>0x144</load_address>
         <run_address>0x144</run_address>
         <size>0xc</size>
      </object_component>
      <object_component id="oc-3e6">
         <name>.stack</name>
         <uninitialized>true</uninitialized>
         <run_address>0x400</run_address>
         <size>0x0</size>
         <input_file_ref idref="fl-20"/>
      </object_component>
      <object_component id="oc-703">
         <name>.stack</name>
         <uninitialized>true</uninitialized>
         <run_address>0x400</run_address>
         <size>0x0</size>
      </object_component>
      <object_component id="oc-403">
         <name>.bss</name>
         <uninitialized>true</uninitialized>
         <run_address>0xa900</run_address>
         <size>0x2</size>
         <input_file_ref idref="fl-2"/>
      </object_component>
      <object_component id="oc-40f">
         <name>.bss:adcAResults</name>
         <uninitialized>true</uninitialized>
         <run_address>0xa800</run_address>
         <size>0x100</size>
         <input_file_ref idref="fl-2"/>
      </object_component>
      <object_component id="oc-520">
         <name>.const</name>
         <load_address>0xa902</load_address>
         <run_address>0xa902</run_address>
         <size>0x4</size>
         <input_file_ref idref="fl-2"/>
      </object_component>
      <object_component id="oc-ba">
         <name>.const</name>
         <load_address>0xa940</load_address>
         <run_address>0xa940</run_address>
         <size>0x1c0</size>
         <input_file_ref idref="fl-c"/>
      </object_component>
      <object_component id="oc-523">
         <name>.data</name>
         <load_address>0xab0a</load_address>
         <run_address>0xab0a</run_address>
         <size>0x2</size>
         <input_file_ref idref="fl-2"/>
      </object_component>
      <object_component id="oc-5dd">
         <name>.data</name>
         <load_address>0xab00</load_address>
         <run_address>0xab00</run_address>
         <size>0x6</size>
         <input_file_ref idref="fl-28"/>
      </object_component>
      <object_component id="oc-5e0">
         <name>.data:_lock</name>
         <load_address>0xab06</load_address>
         <run_address>0xab06</run_address>
         <size>0x2</size>
         <input_file_ref idref="fl-29"/>
      </object_component>
      <object_component id="oc-643">
         <name>.data:_unlock</name>
         <load_address>0xab08</load_address>
         <run_address>0xab08</run_address>
         <size>0x2</size>
         <input_file_ref idref="fl-29"/>
      </object_component>
      <object_component id="oc-517">
         <name>.TI.ramfunc</name>
         <load_address>0x128</load_address>
         <run_address>0x128</run_address>
         <size>0x4</size>
         <input_file_ref idref="fl-f"/>
      </object_component>
      <object_component id="oc-43c">
         <name>PieVectTableFile</name>
         <uninitialized>true</uninitialized>
         <run_address>0xd00</run_address>
         <size>0x1c0</size>
         <input_file_ref idref="fl-9"/>
      </object_component>
      <object_component id="oc-590">
         <name>AdccRegsFile</name>
         <uninitialized>true</uninitialized>
         <run_address>0x6a00</run_address>
         <size>0x14a</size>
         <input_file_ref idref="fl-9"/>
      </object_component>
      <object_component id="oc-593">
         <name>AdcdRegsFile</name>
         <uninitialized>true</uninitialized>
         <run_address>0x6c00</run_address>
         <size>0x14a</size>
         <input_file_ref idref="fl-9"/>
      </object_component>
      <object_component id="oc-596">
         <name>AdceRegsFile</name>
         <uninitialized>true</uninitialized>
         <run_address>0x6e00</run_address>
         <size>0x14a</size>
         <input_file_ref idref="fl-9"/>
      </object_component>
      <object_component id="oc-409">
         <name>AdcaRegsFile</name>
         <uninitialized>true</uninitialized>
         <run_address>0x7400</run_address>
         <size>0x14a</size>
         <input_file_ref idref="fl-9"/>
      </object_component>
      <object_component id="oc-58d">
         <name>AdcbRegsFile</name>
         <uninitialized>true</uninitialized>
         <run_address>0x7600</run_address>
         <size>0x14a</size>
         <input_file_ref idref="fl-9"/>
      </object_component>
      <object_component id="oc-406">
         <name>AdcaResultRegsFile</name>
         <uninitialized>true</uninitialized>
         <run_address>0x1800</run_address>
         <size>0x58</size>
         <input_file_ref idref="fl-9"/>
      </object_component>
      <object_component id="oc-599">
         <name>AnalogSubsysRegsFile</name>
         <uninitialized>true</uninitialized>
         <run_address>0x5d700</run_address>
         <size>0x13a</size>
         <input_file_ref idref="fl-9"/>
      </object_component>
      <object_component id="oc-55d">
         <name>ClkCfgRegsFile</name>
         <uninitialized>true</uninitialized>
         <run_address>0x5d200</run_address>
         <size>0x3e</size>
         <input_file_ref idref="fl-9"/>
      </object_component>
      <object_component id="oc-43f">
         <name>CpuSysRegsFile</name>
         <uninitialized>true</uninitialized>
         <run_address>0x5d300</run_address>
         <size>0xb0</size>
         <input_file_ref idref="fl-9"/>
      </object_component>
      <object_component id="oc-5f3">
         <name>Dcc0RegsFile</name>
         <uninitialized>true</uninitialized>
         <run_address>0x5e700</run_address>
         <size>0x2c</size>
         <input_file_ref idref="fl-9"/>
      </object_component>
      <object_component id="oc-5f6">
         <name>Dcc1RegsFile</name>
         <uninitialized>true</uninitialized>
         <run_address>0x5e740</run_address>
         <size>0x2c</size>
         <input_file_ref idref="fl-9"/>
      </object_component>
      <object_component id="oc-51d">
         <name>EPwm7RegsFile</name>
         <uninitialized>true</uninitialized>
         <run_address>0x4600</run_address>
         <size>0x100</size>
         <input_file_ref idref="fl-9"/>
      </object_component>
      <object_component id="oc-506">
         <name>GpioCtrlRegsFile</name>
         <uninitialized>true</uninitialized>
         <run_address>0x7c00</run_address>
         <size>0x200</size>
         <input_file_ref idref="fl-9"/>
      </object_component>
      <object_component id="oc-509">
         <name>GpioDataRegsFile</name>
         <uninitialized>true</uninitialized>
         <run_address>0x7f00</run_address>
         <size>0x40</size>
         <input_file_ref idref="fl-9"/>
      </object_component>
      <object_component id="oc-40c">
         <name>PieCtrlRegsFile</name>
         <uninitialized>true</uninitialized>
         <run_address>0xce0</run_address>
         <size>0x1a</size>
         <input_file_ref idref="fl-9"/>
      </object_component>
      <object_component id="oc-559">
         <name>WdRegsFile</name>
         <uninitialized>true</uninitialized>
         <run_address>0x7000</run_address>
         <size>0x2b</size>
         <input_file_ref idref="fl-9"/>
      </object_component>
      <object_component id="oc-443">
         <name>.debug_types</name>
         <load_address>0x0</load_address>
         <run_address>0x0</run_address>
         <size>0x284ce</size>
         <input_file_ref idref="fl-2"/>
      </object_component>
      <object_component id="oc-59d">
         <name>.debug_types</name>
         <load_address>0x284ce</load_address>
         <run_address>0x284ce</run_address>
         <size>0x2e39</size>
         <input_file_ref idref="fl-3"/>
      </object_component>
      <object_component id="oc-449">
         <name>.debug_types</name>
         <load_address>0x0</load_address>
         <run_address>0x0</run_address>
         <size>0x0</size>
         <input_file_ref idref="fl-6"/>
      </object_component>
      <object_component id="oc-4eb">
         <name>.debug_types</name>
         <load_address>0x2b307</load_address>
         <run_address>0x2b307</run_address>
         <size>0x52c7c</size>
         <input_file_ref idref="fl-9"/>
      </object_component>
      <object_component id="oc-50d">
         <name>.debug_types</name>
         <load_address>0x7df83</load_address>
         <run_address>0x7df83</run_address>
         <size>0x5a</size>
         <input_file_ref idref="fl-a"/>
      </object_component>
      <object_component id="oc-50f">
         <name>.debug_types</name>
         <load_address>0x0</load_address>
         <run_address>0x0</run_address>
         <size>0x0</size>
         <input_file_ref idref="fl-b"/>
      </object_component>
      <object_component id="oc-447">
         <name>.debug_types</name>
         <load_address>0x7dfdd</load_address>
         <run_address>0x7dfdd</run_address>
         <size>0x5a</size>
         <input_file_ref idref="fl-c"/>
      </object_component>
      <object_component id="oc-505">
         <name>.debug_types</name>
         <load_address>0x7e037</load_address>
         <run_address>0x7e037</run_address>
         <size>0x5a</size>
         <input_file_ref idref="fl-d"/>
      </object_component>
      <object_component id="oc-5aa">
         <name>.debug_types</name>
         <load_address>0x0</load_address>
         <run_address>0x0</run_address>
         <size>0x0</size>
         <input_file_ref idref="fl-23"/>
      </object_component>
      <object_component id="oc-617">
         <name>.debug_types</name>
         <load_address>0x7e091</load_address>
         <run_address>0x7e091</run_address>
         <size>0x4c6</size>
         <input_file_ref idref="fl-24"/>
      </object_component>
      <object_component id="oc-4d9">
         <name>.debug_types</name>
         <load_address>0x7e557</load_address>
         <run_address>0x7e557</run_address>
         <size>0x1f3</size>
         <input_file_ref idref="fl-25"/>
      </object_component>
      <object_component id="oc-3f0">
         <name>.debug_types</name>
         <load_address>0x0</load_address>
         <run_address>0x0</run_address>
         <size>0x0</size>
         <input_file_ref idref="fl-26"/>
      </object_component>
      <object_component id="oc-3e8">
         <name>.debug_types</name>
         <load_address>0x7e74a</load_address>
         <run_address>0x7e74a</run_address>
         <size>0x191</size>
         <input_file_ref idref="fl-27"/>
      </object_component>
      <object_component id="oc-5e4">
         <name>.debug_types</name>
         <load_address>0x7e8db</load_address>
         <run_address>0x7e8db</run_address>
         <size>0xbf</size>
         <input_file_ref idref="fl-28"/>
      </object_component>
      <object_component id="oc-632">
         <name>.debug_types</name>
         <load_address>0x7e99a</load_address>
         <run_address>0x7e99a</run_address>
         <size>0x2f</size>
         <input_file_ref idref="fl-29"/>
      </object_component>
      <object_component id="oc-5dc">
         <name>.debug_types</name>
         <load_address>0x7e9c9</load_address>
         <run_address>0x7e9c9</run_address>
         <size>0xe1</size>
         <input_file_ref idref="fl-2a"/>
      </object_component>
      <object_component id="oc-4d4">
         <name>.debug_types</name>
         <load_address>0x7eaaa</load_address>
         <run_address>0x7eaaa</run_address>
         <size>0xb8</size>
         <input_file_ref idref="fl-2d"/>
      </object_component>
      <object_component id="oc-63d">
         <name>.debug_types</name>
         <load_address>0x0</load_address>
         <run_address>0x0</run_address>
         <size>0x0</size>
         <input_file_ref idref="fl-2e"/>
      </object_component>
      <object_component id="oc-404">
         <name>.debug_info</name>
         <load_address>0x0</load_address>
         <run_address>0x0</run_address>
         <size>0x135</size>
         <input_file_ref idref="fl-2"/>
      </object_component>
      <object_component id="oc-521">
         <name>.debug_info</name>
         <load_address>0x135</load_address>
         <run_address>0x135</run_address>
         <size>0x141</size>
         <input_file_ref idref="fl-2"/>
      </object_component>
      <object_component id="oc-524">
         <name>.debug_info</name>
         <load_address>0x276</load_address>
         <run_address>0x276</run_address>
         <size>0x117</size>
         <input_file_ref idref="fl-2"/>
      </object_component>
      <object_component id="oc-410">
         <name>.debug_info</name>
         <load_address>0x38d</load_address>
         <run_address>0x38d</run_address>
         <size>0x119</size>
         <input_file_ref idref="fl-2"/>
      </object_component>
      <object_component id="oc-af">
         <name>.debug_info</name>
         <load_address>0x4a6</load_address>
         <run_address>0x4a6</run_address>
         <size>0x19c</size>
         <input_file_ref idref="fl-2"/>
      </object_component>
      <object_component id="oc-42b">
         <name>.debug_info</name>
         <load_address>0x642</load_address>
         <run_address>0x642</run_address>
         <size>0x155</size>
         <input_file_ref idref="fl-2"/>
      </object_component>
      <object_component id="oc-431">
         <name>.debug_info</name>
         <load_address>0x797</load_address>
         <run_address>0x797</run_address>
         <size>0x14d</size>
         <input_file_ref idref="fl-2"/>
      </object_component>
      <object_component id="oc-437">
         <name>.debug_info</name>
         <load_address>0x8e4</load_address>
         <run_address>0x8e4</run_address>
         <size>0x13e</size>
         <input_file_ref idref="fl-2"/>
      </object_component>
      <object_component id="oc-b4">
         <name>.debug_info</name>
         <load_address>0xa22</load_address>
         <run_address>0xa22</run_address>
         <size>0x13a</size>
         <input_file_ref idref="fl-2"/>
      </object_component>
      <object_component id="oc-512">
         <name>.debug_info</name>
         <load_address>0xb5c</load_address>
         <run_address>0xb5c</run_address>
         <size>0x1a4</size>
         <input_file_ref idref="fl-3"/>
      </object_component>
      <object_component id="oc-a9">
         <name>.debug_info</name>
         <load_address>0xd00</load_address>
         <run_address>0xd00</run_address>
         <size>0x125</size>
         <input_file_ref idref="fl-4"/>
      </object_component>
      <object_component id="oc-3fe">
         <name>.debug_info</name>
         <load_address>0xe25</load_address>
         <run_address>0xe25</run_address>
         <size>0x126</size>
         <input_file_ref idref="fl-4"/>
      </object_component>
      <object_component id="oc-bd">
         <name>.debug_info</name>
         <load_address>0xf4b</load_address>
         <run_address>0xf4b</run_address>
         <size>0x136</size>
         <input_file_ref idref="fl-6"/>
      </object_component>
      <object_component id="oc-c3">
         <name>.debug_info</name>
         <load_address>0x1081</load_address>
         <run_address>0x1081</run_address>
         <size>0x136</size>
         <input_file_ref idref="fl-6"/>
      </object_component>
      <object_component id="oc-c9">
         <name>.debug_info</name>
         <load_address>0x11b7</load_address>
         <run_address>0x11b7</run_address>
         <size>0x138</size>
         <input_file_ref idref="fl-6"/>
      </object_component>
      <object_component id="oc-cf">
         <name>.debug_info</name>
         <load_address>0x12ef</load_address>
         <run_address>0x12ef</run_address>
         <size>0x132</size>
         <input_file_ref idref="fl-6"/>
      </object_component>
      <object_component id="oc-d5">
         <name>.debug_info</name>
         <load_address>0x1421</load_address>
         <run_address>0x1421</run_address>
         <size>0x130</size>
         <input_file_ref idref="fl-6"/>
      </object_component>
      <object_component id="oc-db">
         <name>.debug_info</name>
         <load_address>0x1551</load_address>
         <run_address>0x1551</run_address>
         <size>0x130</size>
         <input_file_ref idref="fl-6"/>
      </object_component>
      <object_component id="oc-e1">
         <name>.debug_info</name>
         <load_address>0x1681</load_address>
         <run_address>0x1681</run_address>
         <size>0x138</size>
         <input_file_ref idref="fl-6"/>
      </object_component>
      <object_component id="oc-e7">
         <name>.debug_info</name>
         <load_address>0x17b9</load_address>
         <run_address>0x17b9</run_address>
         <size>0x134</size>
         <input_file_ref idref="fl-6"/>
      </object_component>
      <object_component id="oc-ed">
         <name>.debug_info</name>
         <load_address>0x18ed</load_address>
         <run_address>0x18ed</run_address>
         <size>0x134</size>
         <input_file_ref idref="fl-6"/>
      </object_component>
      <object_component id="oc-f3">
         <name>.debug_info</name>
         <load_address>0x1a21</load_address>
         <run_address>0x1a21</run_address>
         <size>0x134</size>
         <input_file_ref idref="fl-6"/>
      </object_component>
      <object_component id="oc-f9">
         <name>.debug_info</name>
         <load_address>0x1b55</load_address>
         <run_address>0x1b55</run_address>
         <size>0x134</size>
         <input_file_ref idref="fl-6"/>
      </object_component>
      <object_component id="oc-ff">
         <name>.debug_info</name>
         <load_address>0x1c89</load_address>
         <run_address>0x1c89</run_address>
         <size>0x134</size>
         <input_file_ref idref="fl-6"/>
      </object_component>
      <object_component id="oc-105">
         <name>.debug_info</name>
         <load_address>0x1dbd</load_address>
         <run_address>0x1dbd</run_address>
         <size>0x136</size>
         <input_file_ref idref="fl-6"/>
      </object_component>
      <object_component id="oc-10b">
         <name>.debug_info</name>
         <load_address>0x1ef3</load_address>
         <run_address>0x1ef3</run_address>
         <size>0x136</size>
         <input_file_ref idref="fl-6"/>
      </object_component>
      <object_component id="oc-111">
         <name>.debug_info</name>
         <load_address>0x2029</load_address>
         <run_address>0x2029</run_address>
         <size>0x136</size>
         <input_file_ref idref="fl-6"/>
      </object_component>
      <object_component id="oc-117">
         <name>.debug_info</name>
         <load_address>0x215f</load_address>
         <run_address>0x215f</run_address>
         <size>0x136</size>
         <input_file_ref idref="fl-6"/>
      </object_component>
      <object_component id="oc-11d">
         <name>.debug_info</name>
         <load_address>0x2295</load_address>
         <run_address>0x2295</run_address>
         <size>0x138</size>
         <input_file_ref idref="fl-6"/>
      </object_component>
      <object_component id="oc-123">
         <name>.debug_info</name>
         <load_address>0x23cd</load_address>
         <run_address>0x23cd</run_address>
         <size>0x138</size>
         <input_file_ref idref="fl-6"/>
      </object_component>
      <object_component id="oc-129">
         <name>.debug_info</name>
         <load_address>0x2505</load_address>
         <run_address>0x2505</run_address>
         <size>0x138</size>
         <input_file_ref idref="fl-6"/>
      </object_component>
      <object_component id="oc-12f">
         <name>.debug_info</name>
         <load_address>0x263d</load_address>
         <run_address>0x263d</run_address>
         <size>0x136</size>
         <input_file_ref idref="fl-6"/>
      </object_component>
      <object_component id="oc-135">
         <name>.debug_info</name>
         <load_address>0x2773</load_address>
         <run_address>0x2773</run_address>
         <size>0x136</size>
         <input_file_ref idref="fl-6"/>
      </object_component>
      <object_component id="oc-13b">
         <name>.debug_info</name>
         <load_address>0x28a9</load_address>
         <run_address>0x28a9</run_address>
         <size>0x136</size>
         <input_file_ref idref="fl-6"/>
      </object_component>
      <object_component id="oc-141">
         <name>.debug_info</name>
         <load_address>0x29df</load_address>
         <run_address>0x29df</run_address>
         <size>0x136</size>
         <input_file_ref idref="fl-6"/>
      </object_component>
      <object_component id="oc-147">
         <name>.debug_info</name>
         <load_address>0x2b15</load_address>
         <run_address>0x2b15</run_address>
         <size>0x136</size>
         <input_file_ref idref="fl-6"/>
      </object_component>
      <object_component id="oc-14d">
         <name>.debug_info</name>
         <load_address>0x2c4b</load_address>
         <run_address>0x2c4b</run_address>
         <size>0x13a</size>
         <input_file_ref idref="fl-6"/>
      </object_component>
      <object_component id="oc-153">
         <name>.debug_info</name>
         <load_address>0x2d85</load_address>
         <run_address>0x2d85</run_address>
         <size>0x138</size>
         <input_file_ref idref="fl-6"/>
      </object_component>
      <object_component id="oc-159">
         <name>.debug_info</name>
         <load_address>0x2ebd</load_address>
         <run_address>0x2ebd</run_address>
         <size>0x134</size>
         <input_file_ref idref="fl-6"/>
      </object_component>
      <object_component id="oc-15f">
         <name>.debug_info</name>
         <load_address>0x2ff1</load_address>
         <run_address>0x2ff1</run_address>
         <size>0x13c</size>
         <input_file_ref idref="fl-6"/>
      </object_component>
      <object_component id="oc-165">
         <name>.debug_info</name>
         <load_address>0x312d</load_address>
         <run_address>0x312d</run_address>
         <size>0x13c</size>
         <input_file_ref idref="fl-6"/>
      </object_component>
      <object_component id="oc-16b">
         <name>.debug_info</name>
         <load_address>0x3269</load_address>
         <run_address>0x3269</run_address>
         <size>0x13c</size>
         <input_file_ref idref="fl-6"/>
      </object_component>
      <object_component id="oc-171">
         <name>.debug_info</name>
         <load_address>0x33a5</load_address>
         <run_address>0x33a5</run_address>
         <size>0x13c</size>
         <input_file_ref idref="fl-6"/>
      </object_component>
      <object_component id="oc-177">
         <name>.debug_info</name>
         <load_address>0x34e1</load_address>
         <run_address>0x34e1</run_address>
         <size>0x13c</size>
         <input_file_ref idref="fl-6"/>
      </object_component>
      <object_component id="oc-17d">
         <name>.debug_info</name>
         <load_address>0x361d</load_address>
         <run_address>0x361d</run_address>
         <size>0x13c</size>
         <input_file_ref idref="fl-6"/>
      </object_component>
      <object_component id="oc-183">
         <name>.debug_info</name>
         <load_address>0x3759</load_address>
         <run_address>0x3759</run_address>
         <size>0x13c</size>
         <input_file_ref idref="fl-6"/>
      </object_component>
      <object_component id="oc-189">
         <name>.debug_info</name>
         <load_address>0x3895</load_address>
         <run_address>0x3895</run_address>
         <size>0x13c</size>
         <input_file_ref idref="fl-6"/>
      </object_component>
      <object_component id="oc-18f">
         <name>.debug_info</name>
         <load_address>0x39d1</load_address>
         <run_address>0x39d1</run_address>
         <size>0x136</size>
         <input_file_ref idref="fl-6"/>
      </object_component>
      <object_component id="oc-195">
         <name>.debug_info</name>
         <load_address>0x3b07</load_address>
         <run_address>0x3b07</run_address>
         <size>0x136</size>
         <input_file_ref idref="fl-6"/>
      </object_component>
      <object_component id="oc-19b">
         <name>.debug_info</name>
         <load_address>0x3c3d</load_address>
         <run_address>0x3c3d</run_address>
         <size>0x136</size>
         <input_file_ref idref="fl-6"/>
      </object_component>
      <object_component id="oc-1a1">
         <name>.debug_info</name>
         <load_address>0x3d73</load_address>
         <run_address>0x3d73</run_address>
         <size>0x136</size>
         <input_file_ref idref="fl-6"/>
      </object_component>
      <object_component id="oc-1a7">
         <name>.debug_info</name>
         <load_address>0x3ea9</load_address>
         <run_address>0x3ea9</run_address>
         <size>0x136</size>
         <input_file_ref idref="fl-6"/>
      </object_component>
      <object_component id="oc-1ad">
         <name>.debug_info</name>
         <load_address>0x3fdf</load_address>
         <run_address>0x3fdf</run_address>
         <size>0x136</size>
         <input_file_ref idref="fl-6"/>
      </object_component>
      <object_component id="oc-1b3">
         <name>.debug_info</name>
         <load_address>0x4115</load_address>
         <run_address>0x4115</run_address>
         <size>0x136</size>
         <input_file_ref idref="fl-6"/>
      </object_component>
      <object_component id="oc-1b9">
         <name>.debug_info</name>
         <load_address>0x424b</load_address>
         <run_address>0x424b</run_address>
         <size>0x136</size>
         <input_file_ref idref="fl-6"/>
      </object_component>
      <object_component id="oc-1bf">
         <name>.debug_info</name>
         <load_address>0x4381</load_address>
         <run_address>0x4381</run_address>
         <size>0x136</size>
         <input_file_ref idref="fl-6"/>
      </object_component>
      <object_component id="oc-1c5">
         <name>.debug_info</name>
         <load_address>0x44b7</load_address>
         <run_address>0x44b7</run_address>
         <size>0x136</size>
         <input_file_ref idref="fl-6"/>
      </object_component>
      <object_component id="oc-1cb">
         <name>.debug_info</name>
         <load_address>0x45ed</load_address>
         <run_address>0x45ed</run_address>
         <size>0x136</size>
         <input_file_ref idref="fl-6"/>
      </object_component>
      <object_component id="oc-1d1">
         <name>.debug_info</name>
         <load_address>0x4723</load_address>
         <run_address>0x4723</run_address>
         <size>0x136</size>
         <input_file_ref idref="fl-6"/>
      </object_component>
      <object_component id="oc-1d7">
         <name>.debug_info</name>
         <load_address>0x4859</load_address>
         <run_address>0x4859</run_address>
         <size>0x136</size>
         <input_file_ref idref="fl-6"/>
      </object_component>
      <object_component id="oc-1dd">
         <name>.debug_info</name>
         <load_address>0x498f</load_address>
         <run_address>0x498f</run_address>
         <size>0x134</size>
         <input_file_ref idref="fl-6"/>
      </object_component>
      <object_component id="oc-1e3">
         <name>.debug_info</name>
         <load_address>0x4ac3</load_address>
         <run_address>0x4ac3</run_address>
         <size>0x134</size>
         <input_file_ref idref="fl-6"/>
      </object_component>
      <object_component id="oc-1e9">
         <name>.debug_info</name>
         <load_address>0x4bf7</load_address>
         <run_address>0x4bf7</run_address>
         <size>0x13a</size>
         <input_file_ref idref="fl-6"/>
      </object_component>
      <object_component id="oc-1ef">
         <name>.debug_info</name>
         <load_address>0x4d31</load_address>
         <run_address>0x4d31</run_address>
         <size>0x13a</size>
         <input_file_ref idref="fl-6"/>
      </object_component>
      <object_component id="oc-1f5">
         <name>.debug_info</name>
         <load_address>0x4e6b</load_address>
         <run_address>0x4e6b</run_address>
         <size>0x13a</size>
         <input_file_ref idref="fl-6"/>
      </object_component>
      <object_component id="oc-1fb">
         <name>.debug_info</name>
         <load_address>0x4fa5</load_address>
         <run_address>0x4fa5</run_address>
         <size>0x13a</size>
         <input_file_ref idref="fl-6"/>
      </object_component>
      <object_component id="oc-201">
         <name>.debug_info</name>
         <load_address>0x50df</load_address>
         <run_address>0x50df</run_address>
         <size>0x134</size>
[...]
      <symbol id="sm-593">
         <name>EPWM6_ISR</name>
         <value>0x89ae</value>
         <object_component_ref idref="oc-1ac"/>
      </symbol>
      <symbol id="sm-594">
         <name>MCANA_ECC_ISR</name>
         <value>0x8aa8</value>
         <object_component_ref idref="oc-302"/>
      </symbol>
      <symbol id="sm-595">
         <name>ADCB_EVT_ISR</name>
         <value>0x8786</value>
         <object_component_ref idref="oc-296"/>
      </symbol>
      <symbol id="sm-596">
         <name>EPWM8_ISR</name>
         <value>0x89d6</value>
         <object_component_ref idref="oc-1b8"/>
      </symbol>
      <symbol id="sm-597">
         <name>EMU_ISR</name>
         <value>0x8904</value>
         <object_component_ref idref="oc-d4"/>
      </symbol>
      <symbol id="sm-598">
         <name>USER11_ISR</name>
         <value>0x8bb6</value>
         <object_component_ref idref="oc-122"/>
      </symbol>
      <symbol id="sm-599">
         <name>USER4_ISR</name>
         <value>0x8be8</value>
         <object_component_ref idref="oc-f8"/>
      </symbol>
      <symbol id="sm-59a">
         <name>EQEP3_ISR</name>
         <value>0x8a12</value>
         <object_component_ref idref="oc-1d6"/>
      </symbol>
      <symbol id="sm-59b">
         <name>SCIA_RX_ISR</name>
         <value>0x8b16</value>
         <object_component_ref idref="oc-25a"/>
      </symbol>
      <symbol id="sm-59c">
         <name>SCIA_TX_ISR</name>
         <value>0x8b20</value>
         <object_component_ref idref="oc-260"/>
      </symbol>
      <symbol id="sm-59d">
         <name>MCANB_0_ISR</name>
         <value>0x8abc</value>
         <object_component_ref idref="oc-368"/>
      </symbol>
      <symbol id="sm-59e">
         <name>CLB2_ISR</name>
         <value>0x888c</value>
         <object_component_ref idref="oc-1e2"/>
      </symbol>
      <symbol id="sm-59f">
         <name>ADCE4_ISR</name>
         <value>0x8814</value>
         <object_component_ref idref="oc-3c8"/>
      </symbol>
      <symbol id="sm-5a0">
         <name>ADCD4_ISR</name>
         <value>0x87e0</value>
         <object_component_ref idref="oc-3b0"/>
      </symbol>
      <symbol id="sm-5a1">
         <name>ECAP1_ISR</name>
         <value>0x88f0</value>
         <object_component_ref idref="oc-1be"/>
      </symbol>
      <symbol id="sm-5a2">
         <name>ADCA4_ISR</name>
         <value>0x874a</value>
         <object_component_ref idref="oc-290"/>
      </symbol>
      <symbol id="sm-5a3">
         <name>ADCC4_ISR</name>
         <value>0x87ae</value>
         <object_component_ref idref="oc-398"/>
      </symbol>
      <symbol id="sm-5a4">
         <name>ADCB4_ISR</name>
         <value>0x877c</value>
         <object_component_ref idref="oc-2a8"/>
      </symbol>
      <symbol id="sm-5a5">
         <name>FSITXA2_ISR</name>
         <value>0x8a44</value>
         <object_component_ref idref="oc-34a"/>
      </symbol>
      <symbol id="sm-5a6">
         <name>EPWM7_ISR</name>
         <value>0x89c2</value>
         <object_component_ref idref="oc-1b2"/>
      </symbol>
      <symbol id="sm-5a7">
         <name>EPWM9_ISR</name>
         <value>0x89ea</value>
         <object_component_ref idref="oc-32c"/>
      </symbol>
      <symbol id="sm-5a8">
         <name>USER10_ISR</name>
         <value>0x8bac</value>
         <object_component_ref idref="oc-11c"/>
      </symbol>
      <symbol id="sm-5a9">
         <name>XINT1_ISR</name>
         <value>0x8c38</value>
         <object_component_ref idref="oc-140"/>
      </symbol>
      <symbol id="sm-5aa">
         <name>USER7_ISR</name>
         <value>0x8c06</value>
         <object_component_ref idref="oc-10a"/>
      </symbol>
      <symbol id="sm-5ab">
         <name>CLA1_1_ISR</name>
         <value>0x8832</value>
         <object_component_ref idref="oc-2ae"/>
      </symbol>
      <symbol id="sm-5ac">
         <name>MCANA_WAKE_ISR</name>
         <value>0x8ab2</value>
         <object_component_ref idref="oc-2fc"/>
      </symbol>
      <symbol id="sm-5ad">
         <name>USER9_ISR</name>
         <value>0x8c1a</value>
         <object_component_ref idref="oc-116"/>
      </symbol>
      <symbol id="sm-5ae">
         <name>MCANB_1_ISR</name>
         <value>0x8ac6</value>
         <object_component_ref idref="oc-36e"/>
      </symbol>
      <symbol id="sm-5af">
         <name>ECAP2_ISR</name>
         <value>0x88fa</value>
         <object_component_ref idref="oc-1c4"/>
      </symbol>
      <symbol id="sm-5b0">
         <name>EPWM5_TZ_ISR</name>
         <value>0x89a4</value>
         <object_component_ref idref="oc-176"/>
      </symbol>
      <symbol id="sm-5b1">
         <name>FLSS_ISR</name>
         <value>0x8a1c</value>
         <object_component_ref idref="oc-2f0"/>
      </symbol>
      <symbol id="sm-5b2">
         <name>I2CB_FIFO_ISR</name>
         <value>0x8a62</value>
         <object_component_ref idref="oc-248"/>
      </symbol>
      <symbol id="sm-5b3">
         <name>DMA_CH1_ISR</name>
         <value>0x88b4</value>
         <object_component_ref idref="oc-20c"/>
      </symbol>
      <symbol id="sm-5b4">
         <name>CLA1_8_ISR</name>
         <value>0x8878</value>
         <object_component_ref idref="oc-2d8"/>
      </symbol>
      <symbol id="sm-5b5">
         <name>USER6_ISR</name>
         <value>0x8bfc</value>
         <object_component_ref idref="oc-104"/>
      </symbol>
      <symbol id="sm-5b6">
         <name>CLA1_2_ISR</name>
         <value>0x883c</value>
         <object_component_ref idref="oc-2b4"/>
      </symbol>
      <symbol id="sm-5b7">
         <name>USER8_ISR</name>
         <value>0x8c10</value>
         <object_component_ref idref="oc-110"/>
      </symbol>
      <symbol id="sm-5b8">
         <name>SPIB_RX_ISR</name>
         <value>0x8b66</value>
         <object_component_ref idref="oc-1f4"/>
      </symbol>
      <symbol id="sm-5b9">
         <name>SPIB_TX_ISR</name>
         <value>0x8b70</value>
         <object_component_ref idref="oc-1fa"/>
      </symbol>
      <symbol id="sm-5ba">
         <name>EPWM1_ISR</name>
         <value>0x894a</value>
         <object_component_ref idref="oc-18e"/>
      </symbol>
      <symbol id="sm-5bb">
         <name>DMA_CH2_ISR</name>
         <value>0x88be</value>
         <object_component_ref idref="oc-212"/>
      </symbol>
      <symbol id="sm-5bc">
         <name>USER12_ISR</name>
         <value>0x8bc0</value>
         <object_component_ref idref="oc-128"/>
      </symbol>
      <symbol id="sm-5bd">
         <name>MCANB_WAKE_ISR</name>
         <value>0x8ada</value>
         <object_component_ref idref="oc-374"/>
      </symbol>
      <symbol id="sm-5be">
         <name>XINT3_ISR</name>
         <value>0x8c4c</value>
         <object_component_ref idref="oc-2de"/>
      </symbol>
      <symbol id="sm-5bf">
         <name>USER1_ISR</name>
         <value>0x8bca</value>
         <object_component_ref idref="oc-e6"/>
      </symbol>
      <symbol id="sm-5c0">
         <name>CLA1_3_ISR</name>
         <value>0x8846</value>
         <object_component_ref idref="oc-2ba"/>
      </symbol>
      <symbol id="sm-5c1">
         <name>I2CA_ISR</name>
         <value>0x8a58</value>
         <object_component_ref idref="oc-236"/>
      </symbol>
      <symbol id="sm-5c2">
         <name>FSIRXA1_ISR</name>
         <value>0x8a26</value>
         <object_component_ref idref="oc-350"/>
      </symbol>
      <symbol id="sm-5c3">
         <name>EPWM1_TZ_ISR</name>
         <value>0x8954</value>
         <object_component_ref idref="oc-15e"/>
      </symbol>
      <symbol id="sm-5c4">
         <name>I2CA_FIFO_ISR</name>
         <value>0x8a4e</value>
         <object_component_ref idref="oc-23c"/>
      </symbol>
      <symbol id="sm-5c5">
         <name>EPWM2_ISR</name>
         <value>0x895e</value>
         <object_component_ref idref="oc-194"/>
      </symbol>
      <symbol id="sm-5c6">
         <name>USBA_ISR</name>
         <value>0x8ba2</value>
         <object_component_ref idref="oc-380"/>
      </symbol>
      <symbol id="sm-5c7">
         <name>ADCD_EVT_ISR</name>
         <value>0x87ea</value>
         <object_component_ref idref="oc-39e"/>
      </symbol>
      <symbol id="sm-5c8">
         <name>DMA_CH3_ISR</name>
         <value>0x88c8</value>
         <object_component_ref idref="oc-218"/>
      </symbol>
      <symbol id="sm-5c9">
         <name>MCANB_ECC_ISR</name>
         <value>0x8ad0</value>
         <object_component_ref idref="oc-37a"/>
      </symbol>
      <symbol id="sm-5ca">
         <name>ADCC_EVT_ISR</name>
         <value>0x87b8</value>
         <object_component_ref idref="oc-386"/>
      </symbol>
      <symbol id="sm-5cb">
         <name>EPWM11_ISR</name>
         <value>0x8922</value>
         <object_component_ref idref="oc-338"/>
      </symbol>
      <symbol id="sm-5cc">
         <name>DATALOG_ISR</name>
         <value>0x8896</value>
         <object_component_ref idref="oc-c8"/>
      </symbol>
      <symbol id="sm-5cd">
         <name>XINT2_ISR</name>
         <value>0x8c42</value>
         <object_component_ref idref="oc-146"/>
      </symbol>
      <symbol id="sm-5ce">
         <name>MCANA_0_ISR</name>
         <value>0x8a94</value>
         <object_component_ref idref="oc-272"/>
      </symbol>
      <symbol id="sm-5cf">
         <name>AES_SINTREQUEST_ISR</name>
         <value>0x8828</value>
         <object_component_ref idref="oc-3ce"/>
      </symbol>
      <symbol id="sm-5d0">
         <name>PIE_RESERVED_ISR</name>
         <value>0x8af8</value>
         <object_component_ref idref="oc-3d4"/>
      </symbol>
      <symbol id="sm-5d1">
         <name>SCIB_RX_ISR</name>
         <value>0x8b2a</value>
         <object_component_ref idref="oc-266"/>
      </symbol>
      <symbol id="sm-5d2">
         <name>SCIB_TX_ISR</name>
         <value>0x8b34</value>
         <object_component_ref idref="oc-26c"/>
      </symbol>
      <symbol id="sm-5d3">
         <name>I2CB_ISR</name>
         <value>0x8a6c</value>
         <object_component_ref idref="oc-242"/>
      </symbol>
      <symbol id="sm-5d4">
         <name>FSIRXA2_ISR</name>
         <value>0x8a30</value>
         <object_component_ref idref="oc-356"/>
      </symbol>
      <symbol id="sm-5d5">
         <name>EPWM12_TZ_ISR</name>
         <value>0x8940</value>
         <object_component_ref idref="oc-326"/>
      </symbol>
      <symbol id="sm-5d6">
         <name>ILLEGAL_ISR</name>
         <value>0x8a76</value>
         <object_component_ref idref="oc-e0"/>
      </symbol>
      <symbol id="sm-5d7">
         <name>EPWM3_ISR</name>
         <value>0x8972</value>
         <object_component_ref idref="oc-19a"/>
      </symbol>
      <symbol id="sm-5d8">
         <name>TIMER0_ISR</name>
         <value>0x8b84</value>
         <object_component_ref idref="oc-152"/>
      </symbol>
      <symbol id="sm-5d9">
         <name>EPWM10_ISR</name>
         <value>0x890e</value>
         <object_component_ref idref="oc-332"/>
      </symbol>
      <symbol id="sm-5da">
         <name>USER3_ISR</name>
         <value>0x8bde</value>
         <object_component_ref idref="oc-f2"/>
      </symbol>
      <symbol id="sm-5db">
         <name>MCANA_1_ISR</name>
         <value>0x8a9e</value>
         <object_component_ref idref="oc-278"/>
      </symbol>
      <symbol id="sm-638">
         <name>AdcbRegs</name>
         <value>0x7600</value>
         <object_component_ref idref="oc-58d"/>
      </symbol>
      <symbol id="sm-639">
         <name>AdccRegs</name>
         <value>0x6a00</value>
         <object_component_ref idref="oc-590"/>
      </symbol>
      <symbol id="sm-63a">
         <name>ClkCfgRegs</name>
         <value>0x5d200</value>
         <object_component_ref idref="oc-55d"/>
      </symbol>
      <symbol id="sm-63b">
         <name>AdcdRegs</name>
         <value>0x6c00</value>
         <object_component_ref idref="oc-593"/>
      </symbol>
      <symbol id="sm-63c">
         <name>AdceRegs</name>
         <value>0x6e00</value>
         <object_component_ref idref="oc-596"/>
      </symbol>
      <symbol id="sm-63d">
         <name>PieVectTable</name>
         <value>0xd00</value>
         <object_component_ref idref="oc-43c"/>
      </symbol>
      <symbol id="sm-63e">
         <name>GpioCtrlRegs</name>
         <value>0x7c00</value>
         <object_component_ref idref="oc-506"/>
      </symbol>
      <symbol id="sm-63f">
         <name>Dcc0Regs</name>
         <value>0x5e700</value>
         <object_component_ref idref="oc-5f3"/>
      </symbol>
      <symbol id="sm-640">
         <name>CpuSysRegs</name>
         <value>0x5d300</value>
         <object_component_ref idref="oc-43f"/>
      </symbol>
      <symbol id="sm-641">
         <name>Dcc1Regs</name>
         <value>0x5e740</value>
         <object_component_ref idref="oc-5f6"/>
      </symbol>
      <symbol id="sm-642">
         <name>EPwm7Regs</name>
         <value>0x4600</value>
         <object_component_ref idref="oc-51d"/>
      </symbol>
      <symbol id="sm-643">
         <name>AdcaResultRegs</name>
         <value>0x1800</value>
         <object_component_ref idref="oc-406"/>
      </symbol>
      <symbol id="sm-644">
         <name>PieCtrlRegs</name>
         <value>0xce0</value>
         <object_component_ref idref="oc-40c"/>
      </symbol>
      <symbol id="sm-645">
         <name>WdRegs</name>
         <value>0x7000</value>
         <object_component_ref idref="oc-559"/>
      </symbol>
      <symbol id="sm-646">
         <name>GpioDataRegs</name>
         <value>0x7f00</value>
         <object_component_ref idref="oc-509"/>
      </symbol>
      <symbol id="sm-647">
         <name>AnalogSubsysRegs</name>
         <value>0x5d700</value>
         <object_component_ref idref="oc-599"/>
      </symbol>
      <symbol id="sm-648">
         <name>AdcaRegs</name>
         <value>0x7400</value>
         <object_component_ref idref="oc-409"/>
      </symbol>
      <symbol id="sm-65a">
         <name>InitGpio</name>
         <value>0x84b8</value>
         <object_component_ref idref="oc-418"/>
      </symbol>
      <symbol id="sm-667">
         <name>InitPieCtrl</name>
         <value>0x8630</value>
         <object_component_ref idref="oc-41e"/>
      </symbol>
      <symbol id="sm-67b">
         <name>InitPieVectTable</name>
         <value>0x85eb</value>
         <object_component_ref idref="oc-424"/>
      </symbol>
      <symbol id="sm-67c">
         <name>PieVectTableInit</name>
         <value>0xa940</value>
         <object_component_ref idref="oc-ba"/>
      </symbol>
      <symbol id="sm-6f9">
         <name>ComputeCntrSeedValue</name>
         <value>0x8441</value>
         <object_component_ref idref="oc-5f9"/>
      </symbol>
      <symbol id="sm-6fa">
         <name>IsPLLValid</name>
         <value>0x8221</value>
         <object_component_ref idref="oc-578"/>
      </symbol>
      <symbol id="sm-6fb">
         <name>InitPeripheralClocks</name>
         <value>0x83c6</value>
         <object_component_ref idref="oc-4fe"/>
      </symbol>
      <symbol id="sm-6fc">
         <name>SysIntOsc1Sel</name>
         <value>0x8c6a</value>
         <object_component_ref idref="oc-560"/>
      </symbol>
      <symbol id="sm-6fd">
         <name>SysXtalOscSel</name>
         <value>0x8610</value>
         <object_component_ref idref="oc-56c"/>
      </symbol>
      <symbol id="sm-6fe">
         <name>SysXtalOscSESel</name>
         <value>0x86e4</value>
         <object_component_ref idref="oc-572"/>
      </symbol>
      <symbol id="sm-6ff">
         <name>InitSysCtrl</name>
         <value>0x86cf</value>
         <object_component_ref idref="oc-412"/>
      </symbol>
      <symbol id="sm-700">
         <name>DisableDog</name>
         <value>0x86f9</value>
         <object_component_ref idref="oc-4f2"/>
      </symbol>
      <symbol id="sm-701">
         <name>InitSysPll</name>
         <value>0x813b</value>
         <object_component_ref idref="oc-4f8"/>
      </symbol>
      <symbol id="sm-702">
         <name>SysIntOsc2Sel</name>
         <value>0x8c8c</value>
         <object_component_ref idref="oc-566"/>
      </symbol>
      <symbol id="sm-70b">
         <name>F28x_usDelay</name>
         <value>0x128</value>
         <object_component_ref idref="oc-517"/>
      </symbol>
      <symbol id="sm-715">
         <name>_c_int00</name>
         <value>0x86a2</value>
         <object_component_ref idref="oc-4e1"/>
      </symbol>
      <symbol id="sm-716">
         <name>__stack</name>
         <value>0x400</value>
         <object_component_ref idref="oc-3e6"/>
      </symbol>
      <symbol id="sm-723">
         <name>__c28xabi_divf</name>
         <value>0x82c1</value>
         <object_component_ref idref="oc-526"/>
      </symbol>
      <symbol id="sm-731">
         <name>_system_pre_init</name>
         <value>0x87fe</value>
         <object_component_ref idref="oc-542"/>
      </symbol>
      <symbol id="sm-740">
         <name>__TI_auto_init_nobinit_nopinit</name>
         <value>0x8597</value>
         <object_component_ref idref="oc-5ab"/>
      </symbol>
      <symbol id="sm-74f">
         <name>__TI_zero_init_nomemset</name>
         <value>0x8713</value>
         <object_component_ref idref="oc-3f1"/>
      </symbol>
      <symbol id="sm-75c">
         <name>__TI_decompress_none</name>
         <value>0x8c7c</value>
         <object_component_ref idref="oc-a1"/>
      </symbol>
      <symbol id="sm-770">
         <name>__TI_decompress_lzss</name>
         <value>0x8569</value>
         <object_component_ref idref="oc-9b"/>
      </symbol>
      <symbol id="sm-786">
         <name>C$$EXIT</name>
         <value>0x85c2</value>
         <object_component_ref idref="oc-54f"/>
      </symbol>
      <symbol id="sm-787">
         <name>abort</name>
         <value>0x85c2</value>
         <object_component_ref idref="oc-54f"/>
      </symbol>
      <symbol id="sm-788">
         <name>exit</name>
         <value>0x85c4</value>
         <object_component_ref idref="oc-54f"/>
      </symbol>
      <symbol id="sm-789">
         <name>__TI_dtors_ptr</name>
         <value>0xab04</value>
         <object_component_ref idref="oc-5dd"/>
      </symbol>
      <symbol id="sm-78a">
         <name>__TI_cleanup_ptr</name>
         <value>0xab02</value>
         <object_component_ref idref="oc-5dd"/>
      </symbol>
      <symbol id="sm-78b">
         <name>__TI_enable_exit_profile_output</name>
         <value>0xab00</value>
         <object_component_ref idref="oc-5dd"/>
      </symbol>
      <symbol id="sm-7a2">
         <name>_nop</name>
         <value>0x8c7b</value>
         <object_component_ref idref="oc-62a"/>
      </symbol>
      <symbol id="sm-7a3">
         <name>_lock</name>
         <value>0xab06</value>
         <object_component_ref idref="oc-5e0"/>
      </symbol>
      <symbol id="sm-7a4">
         <name>_unlock</name>
         <value>0xab08</value>
         <object_component_ref idref="oc-643"/>
      </symbol>
      <symbol id="sm-7a5">
         <name>_register_lock</name>
         <value>0x8c77</value>
         <object_component_ref idref="oc-62a"/>
      </symbol>
      <symbol id="sm-7a6">
         <name>_register_unlock</name>
         <value>0x8c73</value>
         <object_component_ref idref="oc-62a"/>
      </symbol>
      <symbol id="sm-7b5">
         <name>_args_main</name>
         <value>0x8720</value>
         <object_component_ref idref="oc-549"/>
      </symbol>
      <symbol id="sm-7c9">
         <name>memcpy</name>
         <value>0x864f</value>
         <object_component_ref idref="oc-3e9"/>
      </symbol>
      <symbol id="sm-7d6">
         <name>_system_post_cinit</name>
         <value>0x8c93</value>
         <object_component_ref idref="oc-610"/>
      </symbol>
      <symbol id="sm-7d8">
         <name>__c_args__</name>
         <value>0x0</value>
      </symbol>
   </symbol_table>
   <title>Link successful</title>
</link_info>
